---
source: crates/aivi-core/tests/snapshots.rs
expression: core.pretty()
---
func add:
  params = [x: Int, y: Int]
  body = #0 Add #1
func __aivi_option_getOrElse:
func __aivi_list_keepSome:
func __aivi_list_keepFirst:
func __aivi_list_lengthStep:
func __aivi_list_length:
func __aivi_list_head:
func __aivi_list_tailState:
func __aivi_list_tailStep:
func __aivi_list_tailItems:
func __aivi_list_tailFromState:
func __aivi_list_tail:
func __aivi_list_anyStep:
func __aivi_list_any:
func __aivi_binary_eq:
func __aivi_binary_neq:
