---
source: crates/aivi-core/tests/snapshots.rs
assertion_line: 29
expression: core.pretty()
---
value answer:
  body = 42
func __aivi_option_getOrElse:
  params = [fallback: A, opt: Option A]
  body = #1 ||> Some item => #2 ||> None => #0
func __aivi_list_keepSome:
  params = [item: A]
  body = Some #3
func __aivi_result_withDefault:
  params = [fallback: A, result: Result E A]
  body = #5 ||> Ok item => #6 ||> Err _ => #4
func __aivi_list_keepFirst:
  params = [found: Option A, item: A]
  body = #7 T|>[Some] __aivi_list_keepSome _ F|>[None] Some #8
func __aivi_list_lengthStep:
  params = [total: Int, item: A]
  body = #9 Add 1
func __aivi_list_length:
  params = [items: List A]
  body = #11 |> Reduce(List) __aivi_list_lengthStep 0 _
func __aivi_list_head:
  params = [items: List A]
  body = #12 |> Reduce(List) __aivi_list_keepFirst None _
func __aivi_list_tailState:
  params = [items: List A, item: A, seenFirst: Bool]
  body = #15 T|>[True] {seenFirst: True, items: Append(List) #13 [#14]} F|>[False] {seenFirst: True, items: []}
func __aivi_list_tailStep:
  params = [state: { seenFirst: Bool, items: List A }, item: A]
  body = #16 ||> {seenFirst: seenFirst, items: items} => __aivi_list_tailState #19 #17 #18
func __aivi_list_tailItems:
  params = [items: List A, seenFirst: Bool]
  body = #21 T|>[True] Some #20 F|>[False] None
func __aivi_list_tailFromState:
  params = [state: { seenFirst: Bool, items: List A }]
  body = #22 ||> {seenFirst: seenFirst, items: items} => __aivi_list_tailItems #24 #23
func __aivi_list_tail:
  params = [items: List A]
  body = #25 |> Reduce(List) __aivi_list_tailStep {seenFirst: False, items: []} _ |> __aivi_list_tailFromState _
func __aivi_list_tailOrEmpty:
  params = [items: List A]
  body = __aivi_list_tail #26 ||> Some remaining => #27 ||> None => []
func __aivi_list_nonEmpty:
  params = [items: List A]
  body = __aivi_list_head #28 T|>[Some] True F|>[None] False
func __aivi_list_anyStep:
  params = [predicate: A -> Bool, found: Bool, item: A]
  body = #30 T|>[True] True F|>[False] #29 #31
func __aivi_list_any:
  params = [predicate: A -> Bool, items: List A]
  body = #33 |> Reduce(List) __aivi_list_anyStep #32 False _
func __aivi_binary_eq:
  params = [left: A, right: A]
  body = #34 Equals #35
func __aivi_binary_neq:
  params = [left: A, right: A]
  body = #36 NotEquals #37
func __aivi_nel_singleton:
  params = [item: A]
  body = domain#47::member#0::lift [#39]
func __aivi_nel_cons:
  params = [item: A, nel: NonEmptyList A]
  body = domain#47::member#0::lift Append(List) [#40] NonEmptyList.carrier #41
func __aivi_nel_head:
  params = [nel: NonEmptyList A]
  body = NonEmptyList.carrier #42 ||> [h, ...ignored] => #43
func __aivi_nel_toList:
  params = [nel: NonEmptyList A]
  body = NonEmptyList.carrier #45
func __aivi_nel_fromHeadTail:
  params = [h: A, t: List A]
  body = domain#47::member#0::lift Append(List) [#46] #47
func __aivi_nel_length:
  params = [nel: NonEmptyList A]
  body = __aivi_list_length NonEmptyList.carrier #48
func __aivi_nel_lastStep:
  params = [prev: A, item: A]
  body = #50
func __aivi_nel_lastOf:
  params = [h: A, t: List A]
  body = #52 |> Reduce(List) __aivi_nel_lastStep #51 _
func __aivi_nel_last:
  params = [nel: NonEmptyList A]
  body = NonEmptyList.carrier #53 ||> [h, ...t] => __aivi_nel_lastOf #54 #55
func __aivi_nel_mapNel:
  params = [transform: A -> B, nel: NonEmptyList A]
  body = domain#47::member#0::lift __aivi_list_map #56 NonEmptyList.carrier #57
func __aivi_nel_appendNel:
  params = [left: NonEmptyList A, right: NonEmptyList A]
  body = domain#47::member#0::lift Append(List) NonEmptyList.carrier #58 NonEmptyList.carrier #59
func __aivi_nel_initAppendPrev:
  params = [items: List A, prev: Option A]
  body = #61 ||> Some p => Append(List) #60 [#62] ||> None => #60
func __aivi_nel_initAccum:
  params = [items: List A, prev: Option A, item: A]
  body = (__aivi_nel_initAppendPrev #63 #64, Some #65)
func __aivi_nel_initStep:
  params = [state: (List A, Option A), item: A]
  body = #66 ||> (items, prev) => __aivi_nel_initAccum #68 #69 #67
func __aivi_nel_initExtract:
  params = [state: (List A, Option A)]
  body = #70 ||> (items, prev) => #71
func __aivi_nel_init:
  params = [nel: NonEmptyList A]
  body = NonEmptyList.carrier #73 |> Reduce(List) __aivi_nel_initStep ([], None) _ |> __aivi_nel_initExtract _
func __aivi_nel_fromListStep:
  params = [acc: Option NonEmptyList A, item: A]
  body = #74 ||> None => Some domain#47::member#0::lift [#75] ||> Some nel => Some domain#47::member#0::lift Append(List) NonEmptyList.carrier #76 [#75]
func __aivi_nel_fromList:
  params = [items: List A]
  body = #77 |> Reduce(List) __aivi_nel_fromListStep None _
func __aivi_option_map:
  params = [transform: A -> B, opt: Option A]
  body = #79 ||> Some item => Some #78 #80 ||> None => None
func __aivi_list_containsStep:
  params = [eq: A -> Bool, found: Bool, item: A]
  body = #82 T|>[True] True F|>[False] #81 #83
func __aivi_list_contains:
  params = [eq: A -> A -> Bool, target: A, items: List A]
  body = #86 |> Reduce(List) __aivi_list_containsStep #84 #85 False _
func __aivi_list_mapStep:
  params = [transform: A -> B, acc: List B, item: A]
  body = Append(List) #88 [#87 #89]
func __aivi_list_map:
  params = [transform: A -> B, items: List A]
  body = #91 |> Reduce(List) __aivi_list_mapStep #90 [] _
func __aivi_list_flatMapStep:
  params = [transform: A -> List B, acc: List B, item: A]
  body = Append(List) #93 #92 #94
func __aivi_list_flatMap:
  params = [transform: A -> List B, items: List A]
  body = #96 |> Reduce(List) __aivi_list_flatMapStep #95 [] _
func __aivi_list_filterAppend:
  params = [predicate: A -> Bool, acc: List A, item: A]
  body = #97 #99 T|>[True] Append(List) #98 [#99] F|>[False] #98
func __aivi_list_filter:
  params = [predicate: A -> Bool, items: List A]
  body = #101 |> Reduce(List) __aivi_list_filterAppend #100 [] _
func __aivi_list_countStep:
  params = [predicate: A -> Bool, acc: Int, item: A]
  body = #102 #104 T|>[True] #103 Add 1 F|>[False] #103
func __aivi_list_count:
  params = [predicate: A -> Bool, items: List A]
  body = #106 |> Reduce(List) __aivi_list_countStep #105 0 _
func __aivi_list_sumStep:
  params = [acc: Int, item: Int]
  body = #107 Add #108
func __aivi_list_sum:
  params = [items: List Int]
  body = #109 |> Reduce(List) __aivi_list_sumStep 0 _
func __aivi_list_maxPick:
  params = [gt: A -> A -> Bool, item: A, prev: A]
  body = #110 #111 #112 T|>[True] Some #111 F|>[False] Some #112
func __aivi_list_maximumStep:
  params = [gt: A -> A -> Bool, best: Option A, item: A]
  body = #114 ||> None => Some #115 ||> Some prev => __aivi_list_maxPick #113 #115 #116
func __aivi_list_maximum:
  params = [gt: A -> A -> Bool, items: List A]
  body = #118 |> Reduce(List) __aivi_list_maximumStep #117 None _
func __aivi_list_rangeDesc:
  params = [current: Int, acc: List Int]
  body = #119 LessThan 0 T|>[True] #120 F|>[False] __aivi_list_rangeDesc #119 Subtract 1 Append(List) [#119] #120
func __aivi_list_range:
  params = [n: Int]
  body = #121 LessThanOrEqual 0 T|>[True] [] F|>[False] __aivi_list_rangeDesc #121 Subtract 1 []
func __aivi_text_joinFirst:
  params = [sep: Text, result: Text, item: Text]
  body = (False, #124)
func __aivi_text_joinNext:
  params = [sep: Text, result: Text, item: Text]
  body = (False, Append(Text) Append(Text) #126 #125 #127)
func __aivi_text_joinPick:
  params = [isFirst: Bool, sep: Text, result: Text, item: Text]
  body = #128 T|>[True] __aivi_text_joinFirst #129 #130 #131 F|>[False] __aivi_text_joinNext #129 #130 #131
func __aivi_text_joinStep:
  params = [sep: Text, state: (Bool, Text), item: Text]
  body = #133 ||> (isFirst, result) => __aivi_text_joinPick #135 #132 #136 #134
func __aivi_text_joinExtract:
  params = [state: (Bool, Text)]
  body = #137 ||> (isFirst, result) => #139
func __aivi_text_join:
  params = [sep: Text, items: List Text]
  body = #141 |> Reduce(List) __aivi_text_joinStep #140 (True, "") _ |> __aivi_text_joinExtract _
func __aivi_matrix_rows:
  params = [matrix: Matrix A]
  body = #142 ||> MkMatrix w h data => #145
func __aivi_matrix_width:
  params = [matrix: Matrix A]
  body = #146 ||> MkMatrix w h data => #147
func __aivi_matrix_height:
  params = [matrix: Matrix A]
  body = #150 ||> MkMatrix w h data => #152
func __aivi_listAt_match:
  params = [matches: Bool, idx: Int, item: A]
  body = #154 T|>[True] (#155 Add 1, Some #156) F|>[False] (#155 Add 1, None)
func __aivi_listAt_check:
  params = [target: Int, idx: Int, found: Option A, item: A]
  body = #159 ||> Some already => (#158 Add 1, Some #161) ||> None => __aivi_listAt_match #158 Equals #157 #158 #160
func __aivi_listAt_step:
  params = [target: Int, state: (Int, Option A), item: A]
  body = #163 ||> (idx, found) => __aivi_listAt_check #162 #165 #166 #164
func __aivi_listAt_extract:
  params = [state: (Int, Option A)]
  body = #167 ||> (idx, found) => #169
func __aivi_listAt:
  params = [target: Int, items: List A]
  body = #171 |> Reduce(List) __aivi_listAt_step #170 (0, None) _ |> __aivi_listAt_extract _
func __aivi_matrix_atRow:
  params = [rowOpt: Option List A, x: Int]
  body = #172 ||> Some row => __aivi_listAt #173 #174 ||> None => None
func __aivi_matrix_at:
  params = [matrix: Matrix A, x: Int, y: Int]
  body = #175 ||> MkMatrix w h data => __aivi_matrix_atRow __aivi_listAt #177 #180 #176
func __aivi_listReplace_pick:
  params = [matches: Bool, newVal: A, idx: Int, result: List A, item: A]
  body = #181 T|>[True] (#183 Add 1, Append(List) #184 [#182]) F|>[False] (#183 Add 1, Append(List) #184 [#185])
func __aivi_listReplace_check:
  params = [target: Int, newVal: A, idx: Int, result: List A, item: A]
  body = __aivi_listReplace_pick #188 Equals #186 #187 #188 #189 #190
func __aivi_listReplace_step:
  params = [target: Int, newVal: A, state: (Int, List A), item: A]
  body = #193 ||> (idx, result) => __aivi_listReplace_check #191 #192 #195 #196 #194
func __aivi_listReplace_extract:
  params = [state: (Int, List A)]
  body = #197 ||> (idx, result) => #199
func __aivi_listReplace:
  params = [target: Int, newVal: A, items: List A]
  body = #202 |> Reduce(List) __aivi_listReplace_step #200 #201 (0, []) _ |> __aivi_listReplace_extract _
func __aivi_matrix_doReplace:
  params = [x: Int, y: Int, w: Int, h: Int, data: List List A, value: A]
  body = __aivi_listAt #204 #207 ||> Some row => Some Matrix.MkMatrix #205 #206 __aivi_listReplace #204 __aivi_listReplace #203 #208 #209 #207 ||> None => None
func __aivi_matrix_boundsCheck:
  params = [xOk: Bool, yOk: Bool, xLt: Bool, yLt: Bool, x: Int, y: Int, w: Int, h: Int, data: List List A, value: A]
  body = #210 T|>[True] __aivi_matrix_boundsCheck2 #211 #212 #213 #214 #215 #216 #217 #218 #219 F|>[False] None
func __aivi_matrix_boundsCheck2:
  params = [yOk: Bool, xLt: Bool, yLt: Bool, x: Int, y: Int, w: Int, h: Int, data: List List A, value: A]
  body = #220 T|>[True] __aivi_matrix_boundsCheck3 #221 #222 #223 #224 #225 #226 #227 #228 F|>[False] None
func __aivi_matrix_boundsCheck3:
  params = [xLt: Bool, yLt: Bool, x: Int, y: Int, w: Int, h: Int, data: List List A, value: A]
  body = #229 T|>[True] __aivi_matrix_boundsCheck4 #230 #231 #232 #233 #234 #235 #236 F|>[False] None
func __aivi_matrix_boundsCheck4:
  params = [yLt: Bool, x: Int, y: Int, w: Int, h: Int, data: List List A, value: A]
  body = #237 T|>[True] __aivi_matrix_doReplace #238 #239 #240 #241 #242 #243 F|>[False] None
func __aivi_matrix_replaceCoord:
  params = [matrix: Matrix A, x: Int, y: Int, value: A]
  body = #244 ||> MkMatrix w h data => __aivi_matrix_boundsCheck #245 GreaterThanOrEqual 0 #246 GreaterThanOrEqual 0 #245 LessThan #248 #246 LessThan #249 #245 #246 #248 #249 #250 #247
func __aivi_matrix_replaceAt:
  params = [matrix: Matrix A, coord: (Int, Int), value: A]
  body = #252 ||> (x, y) => __aivi_matrix_replaceCoord #251 #254 #255 #253
func __aivi_matrix_validateFirstRow:
  params = [rowIdx: Int, expectedWidth: Int, row: List A]
  body = (1, __aivi_list_length #258, None)
func __aivi_matrix_validateLengthMatch:
  params = [matches: Bool, rowIdx: Int, expectedWidth: Int, row: List A]
  body = #259 T|>[True] (#260 Add 1, #261, None) F|>[False] (#260 Add 1, #261, Some MatrixError.RaggedRows #260 #261 __aivi_list_length #262)
func __aivi_matrix_validateSubsequentRow:
  params = [isFirst: Bool, rowIdx: Int, expectedWidth: Int, row: List A]
  body = #263 T|>[True] __aivi_matrix_validateFirstRow #264 #265 #266 F|>[False] __aivi_matrix_validateLengthMatch __aivi_list_length #266 Equals #265 #264 #265 #266
func __aivi_matrix_validateRow:
  params = [prevError: Option MatrixError, rowIdx: Int, expectedWidth: Int, row: List A]
  body = #267 ||> Some e => (#268 Add 1, #269, Some #271) ||> None => __aivi_matrix_validateSubsequentRow #268 Equals 0 #268 #269 #270
func __aivi_matrix_fromRowsStep:
  params = [state: (Int, Int, Option MatrixError), row: List A]
  body = #272 ||> (rowIdx, width, error) => __aivi_matrix_validateRow #276 #274 #275 #273
func __aivi_matrix_fromRowsDecide:
  params = [error: Option MatrixError, rowCount: Int, width: Int, inputRows: List List A]
  body = #277 ||> Some e => Err #281 ||> None => Ok Matrix.MkMatrix #279 #278 #280
func __aivi_matrix_fromRowsFinish:
  params = [inputRows: List List A, state: (Int, Int, Option MatrixError)]
  body = #283 ||> (rowCount, width, error) => __aivi_matrix_fromRowsDecide #286 #284 #285 #282
func __aivi_matrix_fromRows:
  params = [inputRows: List List A]
  body = #287 |> Reduce(List) __aivi_matrix_fromRowsStep (0, 0, None) _ |> __aivi_matrix_fromRowsFinish #287 _
func __aivi_matrix_initCellAt:
  params = [build: Int -> Int -> A, y: Int, x: Int]
  body = #288 #290 #289
func __aivi_matrix_buildRow:
  params = [width: Int, build: Int -> Int -> A, y: Int]
  body = __aivi_list_map __aivi_matrix_initCellAt #292 #293 __aivi_list_range #291
func __aivi_matrix_buildRows:
  params = [width: Int, height: Int, build: Int -> Int -> A]
  body = __aivi_list_map __aivi_matrix_buildRow #294 #296 __aivi_list_range #295
func __aivi_matrix_initHeight:
  params = [width: Int, height: Int, build: Int -> Int -> A]
  body = #298 LessThan 0 T|>[True] Err MatrixError.NegativeHeight #298 F|>[False] Ok Matrix.MkMatrix #297 #298 __aivi_matrix_buildRows #297 #298 #299
func __aivi_matrix_init:
  params = [width: Int, height: Int, build: Int -> Int -> A]
  body = #300 LessThan 0 T|>[True] Err MatrixError.NegativeWidth #300 F|>[False] __aivi_matrix_initHeight #300 #301 #302
func __aivi_matrix_filled:
  params = [w: Int, h: Int, build: Int -> Int -> A]
  body = #303 LessThan 0 Or #304 LessThan 0 T|>[True] Matrix.MkMatrix 0 0 [] F|>[False] Matrix.MkMatrix #303 #304 __aivi_matrix_buildRows #303 #304 #305
func __aivi_matrix_countCell:
  params = [predicate: A -> Bool, total: Int, item: A]
  body = #306 #308 T|>[True] #307 Add 1 F|>[False] #307
func __aivi_matrix_countRow:
  params = [predicate: A -> Bool, total: Int, row: List A]
  body = Reduce(List) __aivi_matrix_countCell #309 #310 #311
func __aivi_matrix_count:
  params = [predicate: A -> Bool, matrix: Matrix A]
  body = Reduce(List) __aivi_matrix_countRow #312 0 __aivi_matrix_rows #313
func __aivi_list_findTry:
  params = [predicate: A -> Bool, item: A]
  body = #314 #315 T|>[True] Some #315 F|>[False] None
func __aivi_list_findStep:
  params = [predicate: A -> Bool, acc: Option A, item: A]
  body = #317 ||> Some v => Some #319 ||> None => __aivi_list_findTry #316 #318
func __aivi_list_find:
  params = [predicate: A -> Bool, items: List A]
  body = #321 |> Reduce(List) __aivi_list_findStep #320 None _
func __aivi_list_takeHelp:
  params = [n: Int, count: Int, acc: List A, item: A]
  body = #323 GreaterThanOrEqual #322 T|>[True] (#323, #324) F|>[False] (#323 Add 1, Append(List) #324 [#325])
func __aivi_list_takeStep:
  params = [n: Int, state: (Int, List A), item: A]
  body = #327 ||> (count, acc) => __aivi_list_takeHelp #326 #329 #330 #328
func __aivi_list_takeExtract:
  params = [state: (Int, List A)]
  body = #331 ||> (_, acc) => #332
func __aivi_list_take:
  params = [n: Int, items: List A]
  body = #334 |> Reduce(List) __aivi_list_takeStep #333 (0, []) _ |> __aivi_list_takeExtract _
func __aivi_list_sortByInsertFalse:
  params = [cmp: A -> A -> Bool, newItem: A, current: A, acc: List A]
  body = #335 #336 #337 T|>[True] (True, Append(List) Append(List) #338 [#336] [#337]) F|>[False] (False, Append(List) #338 [#337])
func __aivi_list_sortByInsertStep:
  params = [cmp: A -> A -> Bool, newItem: A, state: (Bool, List A), current: A]
  body = #341 ||> (True, acc) => (True, Append(List) #343 [#342]) ||> (False, acc) => __aivi_list_sortByInsertFalse #339 #340 #342 #344
func __aivi_list_sortByInsertFinish:
  params = [cmp: A -> A -> Bool, newItem: A, state: (Bool, List A)]
  body = #347 ||> (True, result) => #348 ||> (False, acc) => Append(List) #349 [#346]
func __aivi_list_sortByInsert:
  params = [cmp: A -> A -> Bool, newItem: A, sorted: List A]
  body = #352 |> Reduce(List) __aivi_list_sortByInsertStep #350 #351 (False, []) _ |> __aivi_list_sortByInsertFinish #350 #351 _
func __aivi_list_sortByStep:
  params = [cmp: A -> A -> Bool, sorted: List A, item: A]
  body = __aivi_list_sortByInsert #353 #355 #354
func __aivi_list_sortBy:
  params = [cmp: A -> A -> Bool, items: List A]
  body = #357 |> Reduce(List) __aivi_list_sortByStep #356 [] _
func __aivi_text_isEmpty:
  params = [text: Text]
  body = #358 Equals ""
func __aivi_text_nonEmpty:
  params = [text: Text]
  body = #359 Equals "" T|>[True] False F|>[False] True
func domain#47::member#0::lift:
  params = [items: List A]
  body = #38
