---
source: crates/aivi-core/tests/snapshots.rs
expression: core.pretty()
---
value answer:
  body = 42
func __aivi_option_getOrElse:
  params = [fallback: A, opt: Option A]
  body = #1 ||> Some item => #2 ||> None => #0
func __aivi_list_keepSome:
  params = [item: A]
  body = Some #3
func __aivi_result_withDefault:
  params = [fallback: A, result: Result E A]
  body = #5 ||> Ok item => #6 ||> Err _ => #4
func __aivi_list_keepFirst:
  params = [found: Option A, item: A]
  body = #7 T|>[Some] __aivi_list_keepSome _ F|>[None] Some #8
func __aivi_list_lengthStep:
  params = [total: Int, item: A]
  body = #9 Add 1
func __aivi_list_length:
  params = [items: List A]
  body = #11 |> evidence builtin-evidence#166::reduce __aivi_list_lengthStep 0 _
func __aivi_list_head:
  params = [items: List A]
  body = #12 |> evidence builtin-evidence#167::reduce __aivi_list_keepFirst None _
func __aivi_list_tailState:
  params = [items: List A, item: A, seenFirst: Bool]
  body = #15 T|>[True] {seenFirst: True, items: evidence builtin-evidence#168::append #13 [#14]} F|>[False] {seenFirst: True, items: []}
func __aivi_list_tailStep:
  params = [state: { seenFirst: Bool, items: List A }, item: A]
  body = #16 ||> {seenFirst: seenFirst, items: items} => __aivi_list_tailState #19 #17 #18
func __aivi_list_tailItems:
  params = [items: List A, seenFirst: Bool]
  body = #21 T|>[True] Some #20 F|>[False] None
func __aivi_list_tailFromState:
  params = [state: { seenFirst: Bool, items: List A }]
  body = #22 ||> {seenFirst: seenFirst, items: items} => __aivi_list_tailItems #24 #23
func __aivi_list_tail:
  params = [items: List A]
  body = #25 |> evidence builtin-evidence#169::reduce __aivi_list_tailStep {seenFirst: False, items: []} _ |> __aivi_list_tailFromState _
func __aivi_list_tailOrEmpty:
  params = [items: List A]
  body = __aivi_list_tail #26 ||> Some remaining => #27 ||> None => []
func __aivi_list_nonEmpty:
  params = [items: List A]
  body = __aivi_list_head #28 T|>[Some] True F|>[None] False
func __aivi_list_anyStep:
  params = [predicate: A -> Bool, found: Bool, item: A]
  body = #30 T|>[True] True F|>[False] #29 #31
func __aivi_list_any:
  params = [predicate: A -> Bool, items: List A]
  body = #33 |> evidence builtin-evidence#170::reduce __aivi_list_anyStep #32 False _
func __aivi_binary_eq:
  params = [__aivi_eq_evidence333: A -> A -> Bool, left: A, right: A]
  body = #333 #34 #35
func __aivi_binary_neq:
  params = [__aivi_eq_evidence334: A -> A -> Bool, left: A, right: A]
  body = Not #334 #36 #37
func __aivi_binary_lt:
  params = [__aivi_ord_evidence335: A -> A -> Ordering, __aivi_eq_evidence336: A -> A -> Bool, left: A, right: A]
  body = #335 #38 #39 ||> Less => True ||> Equal => False ||> Greater => False
func __aivi_binary_gt:
  params = [__aivi_ord_evidence337: A -> A -> Ordering, __aivi_eq_evidence338: A -> A -> Bool, left: A, right: A]
  body = #337 #40 #41 ||> Less => False ||> Equal => False ||> Greater => True
func __aivi_binary_lte:
  params = [__aivi_ord_evidence339: A -> A -> Ordering, __aivi_eq_evidence340: A -> A -> Bool, left: A, right: A]
  body = #339 #42 #43 ||> Greater => False ||> _ => True
func __aivi_binary_gte:
  params = [__aivi_ord_evidence341: A -> A -> Ordering, __aivi_eq_evidence342: A -> A -> Bool, left: A, right: A]
  body = #341 #44 #45 ||> Less => False ||> _ => True
func __aivi_order_min:
  params = [__aivi_ord_evidence343: A -> A -> Ordering, __aivi_eq_evidence344: A -> A -> Bool, left: A, right: A]
  body = evidence builtin-evidence#171::structural-eq #343 #47 #46 Ordering.Less T|>[True] #47 F|>[False] #46
func __aivi_order_max:
  params = [__aivi_ord_evidence345: A -> A -> Ordering, __aivi_eq_evidence346: A -> A -> Bool, left: A, right: A]
  body = evidence builtin-evidence#171::structural-eq #345 #48 #49 Ordering.Less T|>[True] #49 F|>[False] #48
func __aivi_order_minOf:
  params = [__aivi_ord_evidence347: A -> A -> Ordering, __aivi_eq_evidence348: A -> A -> Bool, first: A, rest: List A]
  body = __aivi_list_minimumFrom #347 #348 #50 #51
func __aivi_order_maxOf:
  params = [__aivi_ord_evidence349: A -> A -> Ordering, __aivi_eq_evidence350: A -> A -> Bool, first: A, rest: List A]
  body = __aivi_list_maximumFrom #349 #350 #52 #53
func __aivi_order_clampToMax:
  params = [__aivi_ord_evidence351: A -> A -> Ordering, __aivi_eq_evidence352: A -> A -> Bool, high: A, value: A]
  body = evidence builtin-evidence#171::structural-eq #351 #54 #55 Ordering.Less T|>[True] #54 F|>[False] #55
func __aivi_order_clamp:
  params = [__aivi_ord_evidence353: A -> A -> Ordering, __aivi_eq_evidence354: A -> A -> Bool, low: A, high: A, value: A]
  body = evidence builtin-evidence#171::structural-eq #353 #58 #56 Ordering.Less T|>[True] #56 F|>[False] __aivi_order_clampToMax #353 #354 #57 #58
func min:
  params = [__aivi_ord_evidence355: A -> A -> Ordering, __aivi_eq_evidence356: A -> A -> Bool, left: A, right: A]
  body = __aivi_order_min #355 #356 #59 #60
func max:
  params = [__aivi_ord_evidence357: A -> A -> Ordering, __aivi_eq_evidence358: A -> A -> Bool, left: A, right: A]
  body = __aivi_order_max #357 #358 #61 #62
func minOf:
  params = [__aivi_ord_evidence359: A -> A -> Ordering, __aivi_eq_evidence360: A -> A -> Bool, first: A, rest: List A]
  body = __aivi_order_minOf #359 #360 #63 #64
func maxOf:
  params = [__aivi_ord_evidence361: A -> A -> Ordering, __aivi_eq_evidence362: A -> A -> Bool, first: A, rest: List A]
  body = __aivi_order_maxOf #361 #362 #65 #66
func clamp:
  params = [__aivi_ord_evidence363: A -> A -> Ordering, __aivi_eq_evidence364: A -> A -> Bool, low: A, high: A, value: A]
  body = __aivi_order_clamp #363 #364 #67 #68 #69
func __aivi_nel_singleton:
  params = [item: A]
  body = domain#62::member#0::lift [#72]
func __aivi_nel_cons:
  params = [item: A, nel: NonEmptyList A]
  body = domain#62::member#0::lift evidence builtin-evidence#172::append [#73] domain#62::member#1::__aivi_nel_carrier #74
func __aivi_nel_head:
  params = [nel: NonEmptyList A]
  body = domain#62::member#1::__aivi_nel_carrier #75 ||> [h, ...ignored] => #76
func __aivi_nel_toList:
  params = [nel: NonEmptyList A]
  body = domain#62::member#1::__aivi_nel_carrier #78
func __aivi_nel_fromHeadTail:
  params = [h: A, t: List A]
  body = domain#62::member#0::lift evidence builtin-evidence#173::append [#79] #80
func __aivi_nel_length:
  params = [nel: NonEmptyList A]
  body = __aivi_list_length domain#62::member#1::__aivi_nel_carrier #81
func __aivi_nel_lastStep:
  params = [prev: A, item: A]
  body = #83
func __aivi_nel_lastOf:
  params = [h: A, t: List A]
  body = #85 |> evidence builtin-evidence#174::reduce __aivi_nel_lastStep #84 _
func __aivi_nel_last:
  params = [nel: NonEmptyList A]
  body = domain#62::member#1::__aivi_nel_carrier #86 ||> [h, ...t] => __aivi_nel_lastOf #87 #88
func __aivi_nel_mapNel:
  params = [transform: A -> B, nel: NonEmptyList A]
  body = domain#62::member#0::lift __aivi_list_map #89 domain#62::member#1::__aivi_nel_carrier #90
func __aivi_nel_appendNel:
  params = [left: NonEmptyList A, right: NonEmptyList A]
  body = domain#62::member#0::lift evidence builtin-evidence#175::append domain#62::member#1::__aivi_nel_carrier #91 domain#62::member#1::__aivi_nel_carrier #92
func __aivi_nel_initAppendPrev:
  params = [items: List A, prev: Option A]
  body = #94 ||> Some p => evidence builtin-evidence#176::append #93 [#95] ||> None => #93
func __aivi_nel_initAccum:
  params = [items: List A, prev: Option A, item: A]
  body = (__aivi_nel_initAppendPrev #96 #97, Some #98)
func __aivi_nel_initStep:
  params = [state: (List A, Option A), item: A]
  body = #99 ||> (items, prev) => __aivi_nel_initAccum #101 #102 #100
func __aivi_nel_initExtract:
  params = [state: (List A, Option A)]
  body = #103 ||> (items, prev) => #104
func __aivi_nel_init:
  params = [nel: NonEmptyList A]
  body = domain#62::member#1::__aivi_nel_carrier #106 |> evidence builtin-evidence#177::reduce __aivi_nel_initStep ([], None) _ |> __aivi_nel_initExtract _
func __aivi_nel_fromListStep:
  params = [acc: Option NonEmptyList A, item: A]
  body = #107 ||> None => Some domain#62::member#0::lift [#108] ||> Some nel => Some domain#62::member#0::lift evidence builtin-evidence#178::append domain#62::member#1::__aivi_nel_carrier #109 [#108]
func __aivi_nel_fromList:
  params = [items: List A]
  body = #110 |> evidence builtin-evidence#179::reduce __aivi_nel_fromListStep None _
func __aivi_option_map:
  params = [transform: A -> B, opt: Option A]
  body = #112 ||> Some item => Some #111 #113 ||> None => None
func __aivi_list_contains:
  params = [__aivi_eq_evidence365: A -> A -> Bool, target: A, items: List A]
  body = __aivi_list_containsEq #365 #114 #115
func __aivi_list_uniqueByStep:
  params = [eq: A -> A -> Bool, acc: List A, item: A]
  body = __aivi_list_any #116 #118 #117 T|>[True] #117 F|>[False] evidence builtin-evidence#180::append #117 [#118]
func __aivi_list_uniqueBy:
  params = [eq: A -> A -> Bool, items: List A]
  body = #120 |> evidence builtin-evidence#181::reduce __aivi_list_uniqueByStep #119 [] _
func __aivi_list_containsEqStep:
  params = [__aivi_eq_evidence366: A -> A -> Bool, target: A, found: Bool, item: A]
  body = #122 T|>[True] True F|>[False] __aivi_binary_eq #366 #121 #123
func __aivi_list_containsEq:
  params = [__aivi_eq_evidence367: A -> A -> Bool, target: A, items: List A]
  body = #125 |> evidence builtin-evidence#182::reduce __aivi_list_containsEqStep #367 #124 False _
func __aivi_list_uniqueEqStep:
  params = [__aivi_eq_evidence368: A -> A -> Bool, acc: List A, item: A]
  body = __aivi_list_containsEq #368 #127 #126 T|>[True] #126 F|>[False] evidence builtin-evidence#183::append #126 [#127]
func __aivi_list_unique:
  params = [__aivi_eq_evidence369: A -> A -> Bool, items: List A]
  body = #128 |> evidence builtin-evidence#184::reduce __aivi_list_uniqueEqStep #369 [] _
func unique:
  params = [__aivi_eq_evidence370: A -> A -> Bool, items: List A]
  body = __aivi_list_unique #370 #129
func __aivi_list_mapStep:
  params = [transform: A -> B, acc: List B, item: A]
  body = evidence builtin-evidence#185::append #131 [#130 #132]
func __aivi_list_map:
  params = [transform: A -> B, items: List A]
  body = #134 |> evidence builtin-evidence#186::reduce __aivi_list_mapStep #133 [] _
func __aivi_list_flatMapStep:
  params = [transform: A -> List B, acc: List B, item: A]
  body = evidence builtin-evidence#187::append #136 #135 #137
func __aivi_list_flatMap:
  params = [transform: A -> List B, items: List A]
  body = #139 |> evidence builtin-evidence#188::reduce __aivi_list_flatMapStep #138 [] _
func __aivi_list_filterAppend:
  params = [predicate: A -> Bool, acc: List A, item: A]
  body = #140 #142 T|>[True] evidence builtin-evidence#189::append #141 [#142] F|>[False] #141
func __aivi_list_filter:
  params = [predicate: A -> Bool, items: List A]
  body = #144 |> evidence builtin-evidence#190::reduce __aivi_list_filterAppend #143 [] _
func __aivi_list_countStep:
  params = [predicate: A -> Bool, acc: Int, item: A]
  body = #145 #147 T|>[True] #146 Add 1 F|>[False] #146
func __aivi_list_count:
  params = [predicate: A -> Bool, items: List A]
  body = #149 |> evidence builtin-evidence#191::reduce __aivi_list_countStep #148 0 _
func __aivi_list_sumStep:
  params = [acc: Int, item: Int]
  body = #150 Add #151
func __aivi_list_sum:
  params = [items: List Int]
  body = #152 |> evidence builtin-evidence#192::reduce __aivi_list_sumStep 0 _
func __aivi_list_maxPick:
  params = [gt: A -> A -> Bool, item: A, prev: A]
  body = #153 #154 #155 T|>[True] Some #154 F|>[False] Some #155
func __aivi_list_maximumStep:
  params = [gt: A -> A -> Bool, best: Option A, item: A]
  body = #157 ||> None => Some #158 ||> Some prev => __aivi_list_maxPick #156 #158 #159
func __aivi_list_maximum:
  params = [gt: A -> A -> Bool, items: List A]
  body = #161 |> evidence builtin-evidence#193::reduce __aivi_list_maximumStep #160 None _
func __aivi_list_maximumOrdPick:
  params = [__aivi_ord_evidence371: A -> A -> Ordering, __aivi_eq_evidence372: A -> A -> Bool, item: A, prev: A]
  body = __aivi_binary_gt #371 #372 #162 #163 T|>[True] Some #162 F|>[False] Some #163
func __aivi_list_maximumOrdStep:
  params = [__aivi_ord_evidence373: A -> A -> Ordering, __aivi_eq_evidence374: A -> A -> Bool, best: Option A, item: A]
  body = #164 ||> None => Some #165 ||> Some prev => __aivi_list_maximumOrdPick #373 #374 #165 #166
func __aivi_list_maximumFromStep:
  params = [__aivi_ord_evidence375: A -> A -> Ordering, __aivi_eq_evidence376: A -> A -> Bool, best: A, item: A]
  body = __aivi_binary_gt #375 #376 #168 #167 T|>[True] #168 F|>[False] #167
func __aivi_list_maximumFrom:
  params = [__aivi_ord_evidence377: A -> A -> Ordering, __aivi_eq_evidence378: A -> A -> Bool, best: A, items: List A]
  body = #170 |> evidence builtin-evidence#194::reduce __aivi_list_maximumFromStep #377 #378 #169 _
func __aivi_list_minimumOrdPick:
  params = [__aivi_ord_evidence379: A -> A -> Ordering, __aivi_eq_evidence380: A -> A -> Bool, item: A, prev: A]
  body = __aivi_binary_lt #379 #380 #171 #172 T|>[True] Some #171 F|>[False] Some #172
func __aivi_list_minimumOrdStep:
  params = [__aivi_ord_evidence381: A -> A -> Ordering, __aivi_eq_evidence382: A -> A -> Bool, best: Option A, item: A]
  body = #173 ||> None => Some #174 ||> Some prev => __aivi_list_minimumOrdPick #381 #382 #174 #175
func __aivi_list_minimumFromStep:
  params = [__aivi_ord_evidence383: A -> A -> Ordering, __aivi_eq_evidence384: A -> A -> Bool, best: A, item: A]
  body = __aivi_binary_lt #383 #384 #177 #176 T|>[True] #177 F|>[False] #176
func __aivi_list_minimumFrom:
  params = [__aivi_ord_evidence385: A -> A -> Ordering, __aivi_eq_evidence386: A -> A -> Bool, best: A, items: List A]
  body = #179 |> evidence builtin-evidence#195::reduce __aivi_list_minimumFromStep #385 #386 #178 _
func maximum:
  params = [__aivi_ord_evidence387: A -> A -> Ordering, __aivi_eq_evidence388: A -> A -> Bool, items: List A]
  body = #180 |> evidence builtin-evidence#196::reduce __aivi_list_maximumOrdStep #387 #388 None _
func minimum:
  params = [__aivi_ord_evidence389: A -> A -> Ordering, __aivi_eq_evidence390: A -> A -> Bool, items: List A]
  body = #181 |> evidence builtin-evidence#197::reduce __aivi_list_minimumOrdStep #389 #390 None _
func __aivi_list_rangeDesc:
  params = [current: Int, acc: List Int]
  body = evidence builtin-evidence#171::structural-eq evidence builtin-evidence#198::compare #182 0 Ordering.Less T|>[True] #183 F|>[False] __aivi_list_rangeDesc #182 Subtract 1 evidence builtin-evidence#199::append [#182] #183
func __aivi_list_range:
  params = [n: Int]
  body = Not evidence builtin-evidence#171::structural-eq evidence builtin-evidence#198::compare #184 0 Ordering.Greater T|>[True] [] F|>[False] __aivi_list_rangeDesc #184 Subtract 1 []
func __aivi_text_joinFirst:
  params = [sep: Text, result: Text, item: Text]
  body = (False, #187)
func __aivi_text_joinNext:
  params = [sep: Text, result: Text, item: Text]
  body = (False, evidence builtin-evidence#200::append evidence builtin-evidence#200::append #189 #188 #190)
func __aivi_text_joinPick:
  params = [isFirst: Bool, sep: Text, result: Text, item: Text]
  body = #191 T|>[True] __aivi_text_joinFirst #192 #193 #194 F|>[False] __aivi_text_joinNext #192 #193 #194
func __aivi_text_joinStep:
  params = [sep: Text, state: (Bool, Text), item: Text]
  body = #196 ||> (isFirst, result) => __aivi_text_joinPick #198 #195 #199 #197
func __aivi_text_joinExtract:
  params = [state: (Bool, Text)]
  body = #200 ||> (isFirst, result) => #202
func __aivi_text_join:
  params = [sep: Text, items: List Text]
  body = #204 |> evidence builtin-evidence#201::reduce __aivi_text_joinStep #203 (True, "") _ |> __aivi_text_joinExtract _
func __aivi_listAt_match:
  params = [matches: Bool, idx: Int, item: A]
  body = #205 T|>[True] (#206 Add 1, Some #207) F|>[False] (#206 Add 1, None)
func __aivi_listAt_check:
  params = [target: Int, idx: Int, found: Option A, item: A]
  body = #210 ||> Some already => (#209 Add 1, Some #212) ||> None => __aivi_listAt_match evidence builtin-evidence#202::structural-eq #209 #208 #209 #211
func __aivi_listAt_step:
  params = [target: Int, state: (Int, Option A), item: A]
  body = #214 ||> (idx, found) => __aivi_listAt_check #213 #216 #217 #215
func __aivi_listAt_extract:
  params = [state: (Int, Option A)]
  body = #218 ||> (idx, found) => #220
func __aivi_listAt:
  params = [target: Int, items: List A]
  body = #222 |> evidence builtin-evidence#203::reduce __aivi_listAt_step #221 (0, None) _ |> __aivi_listAt_extract _
func __aivi_listReplace_pick:
  params = [matches: Bool, newVal: A, idx: Int, result: List A, item: A]
  body = #223 T|>[True] (#225 Add 1, evidence builtin-evidence#204::append #226 [#224]) F|>[False] (#225 Add 1, evidence builtin-evidence#204::append #226 [#227])
func __aivi_listReplace_check:
  params = [target: Int, newVal: A, idx: Int, result: List A, item: A]
  body = __aivi_listReplace_pick evidence builtin-evidence#202::structural-eq #230 #228 #229 #230 #231 #232
func __aivi_listReplace_step:
  params = [target: Int, newVal: A, state: (Int, List A), item: A]
  body = #235 ||> (idx, result) => __aivi_listReplace_check #233 #234 #237 #238 #236
func __aivi_listReplace_extract:
  params = [state: (Int, List A)]
  body = #239 ||> (idx, result) => #241
func __aivi_listReplace:
  params = [target: Int, newVal: A, items: List A]
  body = #244 |> evidence builtin-evidence#205::reduce __aivi_listReplace_step #242 #243 (0, []) _ |> __aivi_listReplace_extract _
func __aivi_list_findTry:
  params = [predicate: A -> Bool, item: A]
  body = #245 #246 T|>[True] Some #246 F|>[False] None
func __aivi_list_findStep:
  params = [predicate: A -> Bool, acc: Option A, item: A]
  body = #248 ||> Some v => Some #250 ||> None => __aivi_list_findTry #247 #249
func __aivi_list_find:
  params = [predicate: A -> Bool, items: List A]
  body = #252 |> evidence builtin-evidence#206::reduce __aivi_list_findStep #251 None _
func __aivi_list_takeHelp:
  params = [n: Int, count: Int, acc: List A, item: A]
  body = Not evidence builtin-evidence#171::structural-eq evidence builtin-evidence#198::compare #254 #253 Ordering.Less T|>[True] (#254, #255) F|>[False] (#254 Add 1, evidence builtin-evidence#207::append #255 [#256])
func __aivi_list_takeStep:
  params = [n: Int, state: (Int, List A), item: A]
  body = #258 ||> (count, acc) => __aivi_list_takeHelp #257 #260 #261 #259
func __aivi_list_takeExtract:
  params = [state: (Int, List A)]
  body = #262 ||> (_, acc) => #263
func __aivi_list_take:
  params = [n: Int, items: List A]
  body = #265 |> evidence builtin-evidence#208::reduce __aivi_list_takeStep #264 (0, []) _ |> __aivi_list_takeExtract _
func __aivi_list_sortByInsertFalse:
  params = [cmp: A -> A -> Bool, newItem: A, current: A, acc: List A]
  body = #266 #267 #268 T|>[True] (True, evidence builtin-evidence#209::append evidence builtin-evidence#209::append #269 [#267] [#268]) F|>[False] (False, evidence builtin-evidence#209::append #269 [#268])
func __aivi_list_sortByInsertStep:
  params = [cmp: A -> A -> Bool, newItem: A, state: (Bool, List A), current: A]
  body = #272 ||> (True, acc) => (True, evidence builtin-evidence#210::append #274 [#273]) ||> (False, acc) => __aivi_list_sortByInsertFalse #270 #271 #273 #275
func __aivi_list_sortByInsertFinish:
  params = [cmp: A -> A -> Bool, newItem: A, state: (Bool, List A)]
  body = #278 ||> (True, result) => #279 ||> (False, acc) => evidence builtin-evidence#211::append #280 [#277]
func __aivi_list_sortByInsert:
  params = [cmp: A -> A -> Bool, newItem: A, sorted: List A]
  body = #283 |> evidence builtin-evidence#212::reduce __aivi_list_sortByInsertStep #281 #282 (False, []) _ |> __aivi_list_sortByInsertFinish #281 #282 _
func __aivi_list_sortByStep:
  params = [cmp: A -> A -> Bool, sorted: List A, item: A]
  body = __aivi_list_sortByInsert #284 #286 #285
func __aivi_list_sortBy:
  params = [cmp: A -> A -> Bool, items: List A]
  body = #288 |> evidence builtin-evidence#213::reduce __aivi_list_sortByStep #287 [] _
func __aivi_list_insertSortedOrdFalse:
  params = [__aivi_ord_evidence391: A -> A -> Ordering, __aivi_eq_evidence392: A -> A -> Bool, newItem: A, current: A, acc: List A]
  body = __aivi_binary_lt #391 #392 #289 #290 T|>[True] (True, evidence builtin-evidence#214::append evidence builtin-evidence#214::append #291 [#289] [#290]) F|>[False] (False, evidence builtin-evidence#214::append #291 [#290])
func __aivi_list_insertSortedOrdStep:
  params = [__aivi_ord_evidence393: A -> A -> Ordering, __aivi_eq_evidence394: A -> A -> Bool, newItem: A, state: (Bool, List A), current: A]
  body = #293 ||> (True, acc) => (True, evidence builtin-evidence#215::append #295 [#294]) ||> (False, acc) => __aivi_list_insertSortedOrdFalse #393 #394 #292 #294 #296
func __aivi_list_insertSortedOrdFinish:
  params = [__aivi_ord_evidence395: A -> A -> Ordering, __aivi_eq_evidence396: A -> A -> Bool, newItem: A, state: (Bool, List A)]
  body = #298 ||> (True, result) => #299 ||> (False, acc) => evidence builtin-evidence#216::append #300 [#297]
func __aivi_list_insertSortedOrd:
  params = [__aivi_ord_evidence397: A -> A -> Ordering, __aivi_eq_evidence398: A -> A -> Bool, newItem: A, sorted: List A]
  body = #302 |> evidence builtin-evidence#217::reduce __aivi_list_insertSortedOrdStep #397 #398 #301 (False, []) _ |> __aivi_list_insertSortedOrdFinish #397 #398 #301 _
func __aivi_list_sortOrdStep:
  params = [__aivi_ord_evidence399: A -> A -> Ordering, __aivi_eq_evidence400: A -> A -> Bool, sorted: List A, item: A]
  body = __aivi_list_insertSortedOrd #399 #400 #304 #303
func sort:
  params = [__aivi_ord_evidence401: A -> A -> Ordering, __aivi_eq_evidence402: A -> A -> Bool, items: List A]
  body = #305 |> evidence builtin-evidence#218::reduce __aivi_list_sortOrdStep #401 #402 [] _
func __aivi_text_isEmpty:
  params = [text: Text]
  body = evidence builtin-evidence#219::structural-eq #306 ""
func __aivi_text_nonEmpty:
  params = [text: Text]
  body = evidence builtin-evidence#219::structural-eq #307 "" T|>[True] False F|>[False] True
func __aivi_pair_first:
  params = [pair: (A, B)]
  body = #310 ||> (a, _) => #311
func __aivi_pair_second:
  params = [pair: (A, B)]
  body = #312 ||> (_, b) => #313
func __aivi_pair_swap:
  params = [pair: (A, B)]
  body = #314 ||> (a, b) => (#316, #315)
func __aivi_pair_mapFirst:
  params = [transform: A -> C, pair: (A, B)]
  body = #318 ||> (a, b) => (#317 #319, #320)
func __aivi_pair_mapSecond:
  params = [transform: B -> C, pair: (A, B)]
  body = #322 ||> (a, b) => (#323, #321 #324)
func __aivi_pair_mapBoth:
  params = [transformFst: A -> C, transformSnd: B -> D, pair: (A, B)]
  body = #327 ||> (a, b) => (#325 #328, #326 #329)
func __aivi_pair_toPair:
  params = [a: A, b: B]
  body = (#330, #331)
func __aivi_pair_duplicate:
  params = [item: A]
  body = (#332, #332)
func domain#62::member#0::lift:
  params = [items: List A]
  body = #70
func domain#62::member#1::__aivi_nel_carrier:
  params = [nel: List A]
  body = #71
func domain#152::member#0::ms:
  params = [value: Int]
  body = Duration.Duration #308
func domain#153::member#0::times:
  params = [value: Int]
  body = Retry.Retry #309
func builtin-evidence#166::reduce:
  params = [arg0: Int -> A -> Int, arg1: Int, arg2: List A]
  body = Reduce(List) #333 #334 #335
func builtin-evidence#167::reduce:
  params = [arg0: Option A -> A -> Option A, arg1: Option A, arg2: List A]
  body = Reduce(List) #336 #337 #338
func builtin-evidence#168::append:
  params = [arg0: List A, arg1: List A]
  body = Append(List) #339 #340
func builtin-evidence#169::reduce:
  params = [arg0: { seenFirst: Bool, items: List A } -> A -> { seenFirst: Bool, items: List A }, arg1: { seenFirst: Bool, items: List A }, arg2: List A]
  body = Reduce(List) #341 #342 #343
func builtin-evidence#170::reduce:
  params = [arg0: Bool -> A -> Bool, arg1: Bool, arg2: List A]
  body = Reduce(List) #344 #345 #346
func builtin-evidence#171::structural-eq:
  params = [arg0: Ordering, arg1: Ordering]
  body = StructuralEq #347 #348
func builtin-evidence#172::append:
  params = [arg0: List A, arg1: List A]
  body = Append(List) #349 #350
func builtin-evidence#173::append:
  params = [arg0: List A, arg1: List A]
  body = Append(List) #351 #352
func builtin-evidence#174::reduce:
  params = [arg0: A -> A -> A, arg1: A, arg2: List A]
  body = Reduce(List) #353 #354 #355
func builtin-evidence#175::append:
  params = [arg0: List A, arg1: List A]
  body = Append(List) #356 #357
func builtin-evidence#176::append:
  params = [arg0: List A, arg1: List A]
  body = Append(List) #358 #359
func builtin-evidence#177::reduce:
  params = [arg0: (List A, Option A) -> A -> (List A, Option A), arg1: (List A, Option A), arg2: List A]
  body = Reduce(List) #360 #361 #362
func builtin-evidence#178::append:
  params = [arg0: List A, arg1: List A]
  body = Append(List) #363 #364
func builtin-evidence#179::reduce:
  params = [arg0: Option NonEmptyList A -> A -> Option NonEmptyList A, arg1: Option NonEmptyList A, arg2: List A]
  body = Reduce(List) #365 #366 #367
func builtin-evidence#180::append:
  params = [arg0: List A, arg1: List A]
  body = Append(List) #368 #369
func builtin-evidence#181::reduce:
  params = [arg0: List A -> A -> List A, arg1: List A, arg2: List A]
  body = Reduce(List) #370 #371 #372
func builtin-evidence#182::reduce:
  params = [arg0: Bool -> A -> Bool, arg1: Bool, arg2: List A]
  body = Reduce(List) #373 #374 #375
func builtin-evidence#183::append:
  params = [arg0: List A, arg1: List A]
  body = Append(List) #376 #377
func builtin-evidence#184::reduce:
  params = [arg0: List A -> A -> List A, arg1: List A, arg2: List A]
  body = Reduce(List) #378 #379 #380
func builtin-evidence#185::append:
  params = [arg0: List B, arg1: List B]
  body = Append(List) #381 #382
func builtin-evidence#186::reduce:
  params = [arg0: List B -> A -> List B, arg1: List B, arg2: List A]
  body = Reduce(List) #383 #384 #385
func builtin-evidence#187::append:
  params = [arg0: List B, arg1: List B]
  body = Append(List) #386 #387
func builtin-evidence#188::reduce:
  params = [arg0: List B -> A -> List B, arg1: List B, arg2: List A]
  body = Reduce(List) #388 #389 #390
func builtin-evidence#189::append:
  params = [arg0: List A, arg1: List A]
  body = Append(List) #391 #392
func builtin-evidence#190::reduce:
  params = [arg0: List A -> A -> List A, arg1: List A, arg2: List A]
  body = Reduce(List) #393 #394 #395
func builtin-evidence#191::reduce:
  params = [arg0: Int -> A -> Int, arg1: Int, arg2: List A]
  body = Reduce(List) #396 #397 #398
func builtin-evidence#192::reduce:
  params = [arg0: Int -> Int -> Int, arg1: Int, arg2: List Int]
  body = Reduce(List) #399 #400 #401
func builtin-evidence#193::reduce:
  params = [arg0: Option A -> A -> Option A, arg1: Option A, arg2: List A]
  body = Reduce(List) #402 #403 #404
func builtin-evidence#194::reduce:
  params = [arg0: A -> A -> A, arg1: A, arg2: List A]
  body = Reduce(List) #405 #406 #407
func builtin-evidence#195::reduce:
  params = [arg0: A -> A -> A, arg1: A, arg2: List A]
  body = Reduce(List) #408 #409 #410
func builtin-evidence#196::reduce:
  params = [arg0: Option A -> A -> Option A, arg1: Option A, arg2: List A]
  body = Reduce(List) #411 #412 #413
func builtin-evidence#197::reduce:
  params = [arg0: Option A -> A -> Option A, arg1: Option A, arg2: List A]
  body = Reduce(List) #414 #415 #416
func builtin-evidence#198::compare:
  params = [arg0: Int, arg1: Int]
  body = Compare { subject: Int, ordering_item: ItemId(1) } #417 #418
func builtin-evidence#199::append:
  params = [arg0: List Int, arg1: List Int]
  body = Append(List) #419 #420
func builtin-evidence#200::append:
  params = [arg0: Text, arg1: Text]
  body = Append(Text) #421 #422
func builtin-evidence#201::reduce:
  params = [arg0: (Bool, Text) -> Text -> (Bool, Text), arg1: (Bool, Text), arg2: List Text]
  body = Reduce(List) #423 #424 #425
func builtin-evidence#202::structural-eq:
  params = [arg0: Int, arg1: Int]
  body = StructuralEq #426 #427
func builtin-evidence#203::reduce:
  params = [arg0: (Int, Option A) -> A -> (Int, Option A), arg1: (Int, Option A), arg2: List A]
  body = Reduce(List) #428 #429 #430
func builtin-evidence#204::append:
  params = [arg0: List A, arg1: List A]
  body = Append(List) #431 #432
func builtin-evidence#205::reduce:
  params = [arg0: (Int, List A) -> A -> (Int, List A), arg1: (Int, List A), arg2: List A]
  body = Reduce(List) #433 #434 #435
func builtin-evidence#206::reduce:
  params = [arg0: Option A -> A -> Option A, arg1: Option A, arg2: List A]
  body = Reduce(List) #436 #437 #438
func builtin-evidence#207::append:
  params = [arg0: List A, arg1: List A]
  body = Append(List) #439 #440
func builtin-evidence#208::reduce:
  params = [arg0: (Int, List A) -> A -> (Int, List A), arg1: (Int, List A), arg2: List A]
  body = Reduce(List) #441 #442 #443
func builtin-evidence#209::append:
  params = [arg0: List A, arg1: List A]
  body = Append(List) #444 #445
func builtin-evidence#210::append:
  params = [arg0: List A, arg1: List A]
  body = Append(List) #446 #447
func builtin-evidence#211::append:
  params = [arg0: List A, arg1: List A]
  body = Append(List) #448 #449
func builtin-evidence#212::reduce:
  params = [arg0: (Bool, List A) -> A -> (Bool, List A), arg1: (Bool, List A), arg2: List A]
  body = Reduce(List) #450 #451 #452
func builtin-evidence#213::reduce:
  params = [arg0: List A -> A -> List A, arg1: List A, arg2: List A]
  body = Reduce(List) #453 #454 #455
func builtin-evidence#214::append:
  params = [arg0: List A, arg1: List A]
  body = Append(List) #456 #457
func builtin-evidence#215::append:
  params = [arg0: List A, arg1: List A]
  body = Append(List) #458 #459
func builtin-evidence#216::append:
  params = [arg0: List A, arg1: List A]
  body = Append(List) #460 #461
func builtin-evidence#217::reduce:
  params = [arg0: (Bool, List A) -> A -> (Bool, List A), arg1: (Bool, List A), arg2: List A]
  body = Reduce(List) #462 #463 #464
func builtin-evidence#218::reduce:
  params = [arg0: List A -> A -> List A, arg1: List A, arg2: List A]
  body = Reduce(List) #465 #466 #467
func builtin-evidence#219::structural-eq:
  params = [arg0: Text, arg1: Text]
  body = StructuralEq #468 #469
