---
source: crates/aivi-lambda/tests/snapshots.rs
assertion_line: 38
expression: lambda.pretty()
---
func add:
  params = [x: Int, y: Int]
  body = closure0
func __aivi_option_getOrElse:
  params = [fallback: A, opt: Option A]
  body = closure1
func __aivi_list_keepSome:
  params = [item: A]
  body = closure2
func __aivi_list_keepFirst:
  params = [found: Option A, item: A]
  body = closure3
func __aivi_list_lengthStep:
  params = [total: Int, item: A]
  body = closure4
func __aivi_list_length:
  params = [items: List A]
  body = closure5
func __aivi_list_head:
  params = [items: List A]
  body = closure6
func __aivi_list_tailState:
  params = [items: List A, item: A, seenFirst: Bool]
  body = closure7
func __aivi_list_tailStep:
  params = [state: { seenFirst: Bool, items: List A }, item: A]
  body = closure8
func __aivi_list_tailItems:
  params = [items: List A, seenFirst: Bool]
  body = closure9
func __aivi_list_tailFromState:
  params = [state: { seenFirst: Bool, items: List A }]
  body = closure10
func __aivi_list_tail:
  params = [items: List A]
  body = closure11
func __aivi_list_anyStep:
  params = [predicate: A -> Bool, found: Bool, item: A]
  body = closure12
func __aivi_list_any:
  params = [predicate: A -> Bool, items: List A]
  body = closure13
func __aivi_binary_eq:
  params = [left: A, right: A]
  body = closure14
func __aivi_binary_neq:
  params = [left: A, right: A]
  body = closure15
func __aivi_nel_singleton:
  params = [item: A]
  body = closure16
func __aivi_nel_cons:
  params = [item: A, nel: NonEmptyList A]
  body = closure17
func __aivi_nel_head:
  params = [nel: NonEmptyList A]
  body = closure18
func __aivi_nel_toList:
  params = [nel: NonEmptyList A]
  body = closure19
func __aivi_nel_fromHeadTail:
  params = [h: A, t: List A]
  body = closure20
func __aivi_nel_lengthStep:
  params = [acc: Int, ignored: A]
  body = closure21
func __aivi_nel_tailLength:
  params = [t: List A]
  body = closure22
func __aivi_nel_length:
  params = [nel: NonEmptyList A]
  body = closure23
func __aivi_nel_initAppendPrev:
  params = [items: List A, prev: Option A]
  body = closure24
func __aivi_nel_initAccum:
  params = [items: List A, prev: Option A, item: A]
  body = closure25
func __aivi_nel_initStep:
  params = [state: (List A, Option A), item: A]
  body = closure26
func __aivi_nel_initExtract:
  params = [state: (List A, Option A)]
  body = closure27
func __aivi_nel_init:
  params = [nel: NonEmptyList A]
  body = closure28
func __aivi_option_map:
  params = [transform: A -> B, opt: Option A]
  body = closure29
func __aivi_list_containsStep:
  params = [eq: A -> Bool, found: Bool, item: A]
  body = closure30
func __aivi_list_contains:
  params = [eq: A -> A -> Bool, target: A, items: List A]
  body = closure31
func __aivi_list_mapStep:
  params = [transform: A -> B, acc: List B, item: A]
  body = closure32
func __aivi_list_map:
  params = [transform: A -> B, items: List A]
  body = closure33
func __aivi_list_flatMapStep:
  params = [transform: A -> List B, acc: List B, item: A]
  body = closure34
func __aivi_list_flatMap:
  params = [transform: A -> List B, items: List A]
  body = closure35
func __aivi_list_filterAppend:
  params = [predicate: A -> Bool, acc: List A, item: A]
  body = closure36
func __aivi_list_filter:
  params = [predicate: A -> Bool, items: List A]
  body = closure37
func __aivi_list_countStep:
  params = [predicate: A -> Bool, acc: Int, item: A]
  body = closure38
func __aivi_list_count:
  params = [predicate: A -> Bool, items: List A]
  body = closure39
func __aivi_list_sumStep:
  params = [acc: Int, item: Int]
  body = closure40
func __aivi_list_sum:
  params = [items: List Int]
  body = closure41
func __aivi_list_maxPick:
  params = [gt: A -> A -> Bool, item: A, prev: A]
  body = closure42
func __aivi_list_maximumStep:
  params = [gt: A -> A -> Bool, best: Option A, item: A]
  body = closure43
func __aivi_list_maximum:
  params = [gt: A -> A -> Bool, items: List A]
  body = closure44
func __aivi_list_rangeDesc:
  params = [current: Int, acc: List Int]
  body = closure45
func __aivi_list_range:
  params = [n: Int]
  body = closure46
func __aivi_text_joinFirst:
  params = [sep: Text, result: Text, item: Text]
  body = closure47
func __aivi_text_joinNext:
  params = [sep: Text, result: Text, item: Text]
  body = closure48
func __aivi_text_joinPick:
  params = [isFirst: Bool, sep: Text, result: Text, item: Text]
  body = closure49
func __aivi_text_joinStep:
  params = [sep: Text, state: (Bool, Text), item: Text]
  body = closure50
func __aivi_text_joinExtract:
  params = [state: (Bool, Text)]
  body = closure51
func __aivi_text_join:
  params = [sep: Text, items: List Text]
  body = closure52
func __aivi_matrix_rows:
  params = [matrix: Matrix A]
  body = closure53
func __aivi_matrix_width:
  params = [matrix: Matrix A]
  body = closure54
func __aivi_matrix_height:
  params = [matrix: Matrix A]
  body = closure55
func __aivi_listAt_match:
  params = [matches: Bool, idx: Int, item: A]
  body = closure56
func __aivi_listAt_check:
  params = [target: Int, idx: Int, found: Option A, item: A]
  body = closure57
func __aivi_listAt_step:
  params = [target: Int, state: (Int, Option A), item: A]
  body = closure58
func __aivi_listAt_extract:
  params = [state: (Int, Option A)]
  body = closure59
func __aivi_listAt:
  params = [target: Int, items: List A]
  body = closure60
func __aivi_matrix_atRow:
  params = [rowOpt: Option List A, x: Int]
  body = closure61
func __aivi_matrix_at:
  params = [matrix: Matrix A, x: Int, y: Int]
  body = closure62
func __aivi_listReplace_pick:
  params = [matches: Bool, newVal: A, idx: Int, result: List A, item: A]
  body = closure63
func __aivi_listReplace_check:
  params = [target: Int, newVal: A, idx: Int, result: List A, item: A]
  body = closure64
func __aivi_listReplace_step:
  params = [target: Int, newVal: A, state: (Int, List A), item: A]
  body = closure65
func __aivi_listReplace_extract:
  params = [state: (Int, List A)]
  body = closure66
func __aivi_listReplace:
  params = [target: Int, newVal: A, items: List A]
  body = closure67
func __aivi_matrix_doReplace:
  params = [x: Int, y: Int, w: Int, h: Int, data: List List A, value: A]
  body = closure68
func __aivi_matrix_boundsCheck:
  params = [xOk: Bool, yOk: Bool, xLt: Bool, yLt: Bool, x: Int, y: Int, w: Int, h: Int, data: List List A, value: A]
  body = closure69
func __aivi_matrix_boundsCheck2:
  params = [yOk: Bool, xLt: Bool, yLt: Bool, x: Int, y: Int, w: Int, h: Int, data: List List A, value: A]
  body = closure70
func __aivi_matrix_boundsCheck3:
  params = [xLt: Bool, yLt: Bool, x: Int, y: Int, w: Int, h: Int, data: List List A, value: A]
  body = closure71
func __aivi_matrix_boundsCheck4:
  params = [yLt: Bool, x: Int, y: Int, w: Int, h: Int, data: List List A, value: A]
  body = closure72
func __aivi_matrix_replaceCoord:
  params = [matrix: Matrix A, x: Int, y: Int, value: A]
  body = closure73
func __aivi_matrix_replaceAt:
  params = [matrix: Matrix A, coord: (Int, Int), value: A]
  body = closure74
func __aivi_matrix_validateFirstRow:
  params = [rowIdx: Int, expectedWidth: Int, row: List A]
  body = closure75
func __aivi_matrix_validateLengthMatch:
  params = [matches: Bool, rowIdx: Int, expectedWidth: Int, row: List A]
  body = closure76
func __aivi_matrix_validateSubsequentRow:
  params = [isFirst: Bool, rowIdx: Int, expectedWidth: Int, row: List A]
  body = closure77
func __aivi_matrix_validateRow:
  params = [prevError: Option MatrixError, rowIdx: Int, expectedWidth: Int, row: List A]
  body = closure78
func __aivi_matrix_fromRowsStep:
  params = [state: (Int, Int, Option MatrixError), row: List A]
  body = closure79
func __aivi_matrix_fromRowsDecide:
  params = [error: Option MatrixError, rowCount: Int, width: Int, inputRows: List List A]
  body = closure80
func __aivi_matrix_fromRowsFinish:
  params = [inputRows: List List A, state: (Int, Int, Option MatrixError)]
  body = closure81
func __aivi_matrix_fromRows:
  params = [inputRows: List List A]
  body = closure82
closures:
  closure0 add owner=0 root=expr2 kind=item-body
    params = [x:#0:Int, y:#1:Int]
  closure1 __aivi_option_getOrElse owner=1 root=expr6 kind=item-body
    params = [fallback:#2:A, opt:#3:Option A]
  closure2 __aivi_list_keepSome owner=2 root=expr9 kind=item-body
    params = [item:#5:A]
  closure3 __aivi_list_keepFirst owner=3 root=expr17 kind=item-body
    params = [found:#6:Option A, item:#7:A]
  closure4 __aivi_list_lengthStep owner=4 root=expr20 kind=item-body
    params = [total:#8:Int, item:#9:A]
  closure5 __aivi_list_length owner=5 root=expr27 kind=item-body
    params = [items:#10:List A]
  closure6 __aivi_list_head owner=6 root=expr34 kind=item-body
    params = [items:#11:List A]
  closure7 __aivi_list_tailState owner=7 root=expr46 kind=item-body
    params = [items:#12:List A, item:#13:A, seenFirst:#14:Bool]
  closure8 __aivi_list_tailStep owner=8 root=expr53 kind=item-body
    params = [state:#15:{ seenFirst: Bool, items: List A }, item:#16:A]
  closure9 __aivi_list_tailItems owner=9 root=expr59 kind=item-body
    params = [items:#19:List A, seenFirst:#20:Bool]
  closure10 __aivi_list_tailFromState owner=10 root=expr65 kind=item-body
    params = [state:#21:{ seenFirst: Bool, items: List A }]
  closure11 __aivi_list_tail owner=11 root=expr77 kind=item-body
    params = [items:#24:List A]
  closure12 __aivi_list_anyStep owner=12 root=expr83 kind=item-body
    params = [predicate:#25:A -> Bool, found:#26:Bool, item:#27:A]
  closure13 __aivi_list_any owner=13 root=expr92 kind=item-body
    params = [predicate:#28:A -> Bool, items:#29:List A]
  closure14 __aivi_binary_eq owner=14 root=expr95 kind=item-body
    params = [left:#30:A, right:#31:A]
  closure15 __aivi_binary_neq owner=15 root=expr98 kind=item-body
    params = [left:#32:A, right:#33:A]
  closure16 __aivi_nel_singleton owner=16 root=expr102 kind=item-body
    params = [item:#34:A]
  closure17 __aivi_nel_cons owner=17 root=expr112 kind=item-body
    params = [item:#35:A, nel:#36:NonEmptyList A]
  closure18 __aivi_nel_head owner=18 root=expr115 kind=item-body
    params = [nel:#39:NonEmptyList A]
  closure19 __aivi_nel_toList owner=19 root=expr122 kind=item-body
    params = [nel:#42:NonEmptyList A]
  closure20 __aivi_nel_fromHeadTail owner=20 root=expr126 kind=item-body
    params = [h:#45:A, t:#46:List A]
  closure21 __aivi_nel_lengthStep owner=21 root=expr129 kind=item-body
    params = [acc:#47:Int, ignored:#48:A]
  closure22 __aivi_nel_tailLength owner=22 root=expr136 kind=item-body
    params = [t:#49:List A]
  closure23 __aivi_nel_length owner=23 root=expr141 kind=item-body
    params = [nel:#50:NonEmptyList A]
  closure24 __aivi_nel_initAppendPrev owner=24 root=expr149 kind=item-body
    params = [items:#53:List A, prev:#54:Option A]
  closure25 __aivi_nel_initAccum owner=25 root=expr157 kind=item-body
    params = [items:#56:List A, prev:#57:Option A, item:#58:A]
  closure26 __aivi_nel_initStep owner=26 root=expr164 kind=item-body
    params = [state:#59:(List A, Option A), item:#60:A]
  closure27 __aivi_nel_initExtract owner=27 root=expr167 kind=item-body
    params = [state:#63:(List A, Option A)]
  closure28 __aivi_nel_init owner=28 root=expr184 kind=item-body
    params = [nel:#66:NonEmptyList A]
  closure29 __aivi_option_map owner=29 root=expr192 kind=item-body
    params = [transform:#69:A -> B, opt:#70:Option A]
  closure30 __aivi_list_containsStep owner=30 root=expr198 kind=item-body
    params = [eq:#72:A -> Bool, found:#73:Bool, item:#74:A]
  closure31 __aivi_list_contains owner=31 root=expr209 kind=item-body
    params = [eq:#75:A -> A -> Bool, target:#76:A, items:#77:List A]
  closure32 __aivi_list_mapStep owner=32 root=expr216 kind=item-body
    params = [transform:#78:A -> B, acc:#79:List B, item:#80:A]
  closure33 __aivi_list_map owner=33 root=expr225 kind=item-body
    params = [transform:#81:A -> B, items:#82:List A]
  closure34 __aivi_list_flatMapStep owner=34 root=expr231 kind=item-body
    params = [transform:#83:A -> List B, acc:#84:List B, item:#85:A]
  closure35 __aivi_list_flatMap owner=35 root=expr240 kind=item-body
    params = [transform:#86:A -> List B, items:#87:List A]
  closure36 __aivi_list_filterAppend owner=36 root=expr250 kind=item-body
    params = [predicate:#88:A -> Bool, acc:#89:List A, item:#90:A]
  closure37 __aivi_list_filter owner=37 root=expr259 kind=item-body
    params = [predicate:#91:A -> Bool, items:#92:List A]
  closure38 __aivi_list_countStep owner=38 root=expr267 kind=item-body
    params = [predicate:#93:A -> Bool, acc:#94:Int, item:#95:A]
  closure39 __aivi_list_count owner=39 root=expr276 kind=item-body
    params = [predicate:#96:A -> Bool, items:#97:List A]
  closure40 __aivi_list_sumStep owner=40 root=expr279 kind=item-body
    params = [acc:#98:Int, item:#99:Int]
  closure41 __aivi_list_sum owner=41 root=expr286 kind=item-body
    params = [items:#100:List Int]
  closure42 __aivi_list_maxPick owner=42 root=expr297 kind=item-body
    params = [gt:#101:A -> A -> Bool, item:#102:A, prev:#103:A]
  closure43 __aivi_list_maximumStep owner=43 root=expr307 kind=item-body
    params = [gt:#104:A -> A -> Bool, best:#105:Option A, item:#106:A]
  closure44 __aivi_list_maximum owner=44 root=expr316 kind=item-body
    params = [gt:#108:A -> A -> Bool, items:#109:List A]
  closure45 __aivi_list_rangeDesc owner=45 root=expr331 kind=item-body
    params = [current:#110:Int, acc:#111:List Int]
  closure46 __aivi_list_range owner=46 root=expr342 kind=item-body
    params = [n:#112:Int]
  closure47 __aivi_text_joinFirst owner=47 root=expr345 kind=item-body
    params = [sep:#113:Text, result:#114:Text, item:#115:Text]
  closure48 __aivi_text_joinNext owner=48 root=expr354 kind=item-body
    params = [sep:#116:Text, result:#117:Text, item:#118:Text]
  closure49 __aivi_text_joinPick owner=49 root=expr366 kind=item-body
    params = [isFirst:#119:Bool, sep:#120:Text, result:#121:Text, item:#122:Text]
  closure50 __aivi_text_joinStep owner=50 root=expr374 kind=item-body
    params = [sep:#123:Text, state:#124:(Bool, Text), item:#125:Text]
  closure51 __aivi_text_joinExtract owner=51 root=expr377 kind=item-body
    params = [state:#128:(Bool, Text)]
  closure52 __aivi_text_join owner=52 root=expr391 kind=item-body
    params = [sep:#131:Text, items:#132:List Text]
  closure53 __aivi_matrix_rows owner=53 root=expr394 kind=item-body
    params = [matrix:#133:Matrix A]
  closure54 __aivi_matrix_width owner=54 root=expr397 kind=item-body
    params = [matrix:#137:Matrix A]
  closure55 __aivi_matrix_height owner=55 root=expr400 kind=item-body
    params = [matrix:#141:Matrix A]
  closure56 __aivi_listAt_match owner=56 root=expr414 kind=item-body
    params = [matches:#145:Bool, idx:#146:Int, item:#147:A]
  closure57 __aivi_listAt_check owner=57 root=expr430 kind=item-body
    params = [target:#148:Int, idx:#149:Int, found:#150:Option A, item:#151:A]
  closure58 __aivi_listAt_step owner=58 root=expr438 kind=item-body
    params = [target:#153:Int, state:#154:(Int, Option A), item:#155:A]
  closure59 __aivi_listAt_extract owner=59 root=expr441 kind=item-body
    params = [state:#158:(Int, Option A)]
  closure60 __aivi_listAt owner=60 root=expr455 kind=item-body
    params = [target:#161:Int, items:#162:List A]
  closure61 __aivi_matrix_atRow owner=61 root=expr462 kind=item-body
    params = [rowOpt:#163:Option List A, x:#164:Int]
  closure62 __aivi_matrix_at owner=62 root=expr471 kind=item-body
    params = [matrix:#166:Matrix A, x:#167:Int, y:#168:Int]
  closure63 __aivi_listReplace_pick owner=63 root=expr491 kind=item-body
    params = [matches:#172:Bool, newVal:#173:A, idx:#174:Int, result:#175:List A, item:#176:A]
  closure64 __aivi_listReplace_check owner=64 root=expr500 kind=item-body
    params = [target:#177:Int, newVal:#178:A, idx:#179:Int, result:#180:List A, item:#181:A]
  closure65 __aivi_listReplace_step owner=65 root=expr509 kind=item-body
    params = [target:#182:Int, newVal:#183:A, state:#184:(Int, List A), item:#185:A]
  closure66 __aivi_listReplace_extract owner=66 root=expr512 kind=item-body
    params = [state:#188:(Int, List A)]
  closure67 __aivi_listReplace owner=67 root=expr527 kind=item-body
    params = [target:#191:Int, newVal:#192:A, items:#193:List A]
  closure68 __aivi_matrix_doReplace owner=68 root=expr548 kind=item-body
    params = [x:#194:Int, y:#195:Int, w:#196:Int, h:#197:Int, data:#198:List List A, value:#199:A]
  closure69 __aivi_matrix_boundsCheck owner=69 root=expr562 kind=item-body
    params = [xOk:#201:Bool, yOk:#202:Bool, xLt:#203:Bool, yLt:#204:Bool, x:#205:Int, y:#206:Int, w:#207:Int, h:#208:Int, data:#209:List List A, value:#210:A]
  closure70 __aivi_matrix_boundsCheck2 owner=70 root=expr575 kind=item-body
    params = [yOk:#211:Bool, xLt:#212:Bool, yLt:#213:Bool, x:#214:Int, y:#215:Int, w:#216:Int, h:#217:Int, data:#218:List List A, value:#219:A]
  closure71 __aivi_matrix_boundsCheck3 owner=71 root=expr587 kind=item-body
    params = [xLt:#220:Bool, yLt:#221:Bool, x:#222:Int, y:#223:Int, w:#224:Int, h:#225:Int, data:#226:List List A, value:#227:A]
  closure72 __aivi_matrix_boundsCheck4 owner=72 root=expr598 kind=item-body
    params = [yLt:#228:Bool, x:#229:Int, y:#230:Int, w:#231:Int, h:#232:Int, data:#233:List List A, value:#234:A]
  closure73 __aivi_matrix_replaceCoord owner=73 root=expr620 kind=item-body
    params = [matrix:#235:Matrix A, x:#236:Int, y:#237:Int, value:#238:A]
  closure74 __aivi_matrix_replaceAt owner=74 root=expr628 kind=item-body
    params = [matrix:#242:Matrix A, coord:#243:(Int, Int), value:#244:A]
  closure75 __aivi_matrix_validateFirstRow owner=75 root=expr634 kind=item-body
    params = [rowIdx:#247:Int, expectedWidth:#248:Int, row:#249:List A]
  closure76 __aivi_matrix_validateLengthMatch owner=76 root=expr656 kind=item-body
    params = [matches:#250:Bool, rowIdx:#251:Int, expectedWidth:#252:Int, row:#253:List A]
  closure77 __aivi_matrix_validateSubsequentRow owner=77 root=expr673 kind=item-body
    params = [isFirst:#254:Bool, rowIdx:#255:Int, expectedWidth:#256:Int, row:#257:List A]
  closure78 __aivi_matrix_validateRow owner=78 root=expr691 kind=item-body
    params = [prevError:#258:Option MatrixError, rowIdx:#259:Int, expectedWidth:#260:Int, row:#261:List A]
  closure79 __aivi_matrix_fromRowsStep owner=79 root=expr699 kind=item-body
    params = [state:#263:(Int, Int, Option MatrixError), row:#264:List A]
  closure80 __aivi_matrix_fromRowsDecide owner=80 root=expr711 kind=item-body
    params = [error:#268:Option MatrixError, rowCount:#269:Int, width:#270:Int, inputRows:#271:List List A]
  closure81 __aivi_matrix_fromRowsFinish owner=81 root=expr719 kind=item-body
    params = [inputRows:#273:List List A, state:#274:(Int, Int, Option MatrixError)]
  closure82 __aivi_matrix_fromRows owner=82 root=expr733 kind=item-body
    params = [inputRows:#278:List List A]
